// Jest Snapshot v1, https://goo.gl/fbAQLP

exports[`should render deleteModal correctly 1`] = `
<Modal
  ariaHideApp={false}
  bodyOpenClassName="ReactModal__Body--open"
  className="modal"
  closeTimeoutMS={400}
  isOpen={false}
  parentSelector={[Function]}
  portalClassName="ReactModalPortal"
  role="dialog"
  shouldCloseOnEsc={true}
  shouldCloseOnOverlayClick={true}
  shouldFocusAfterRender={true}
  shouldReturnFocusAfterClose={true}
>
  <h3
    className="modal__title"
  >
    Are you sure you want to delete this entry?
  </h3>
  <div
    className="modal__body"
  >
    <WithStyles(ForwardRef(Button))
      color="secondary"
      style={
        Object {
          "fontSize": "15px",
        }
      }
      variant="contained"
    >
      Yes
    </WithStyles(ForwardRef(Button))>
       
    <WithStyles(ForwardRef(Button))
      color="primary"
      style={
        Object {
          "fontSize": "15px",
        }
      }
      variant="contained"
    >
      Actually No
    </WithStyles(ForwardRef(Button))>
  </div>
</Modal>
`;
